// Jest Snapshot v1, https://goo.gl/fbAQLP

exports[`Test CircleExtended component CircleExtended rendering 1`] = `
Array [
  <div
    className="SmallCircleContainer"
  />,
  <div
    className="CircleExtended"
  >
    <div
      className="CircleWirhArrow"
    >
      <div
        className="content MainCircle"
        data-testid="circle"
      >
        <div
          className="text text_type_input text_color_input mb-4 absolute head element"
          data-testid="circle-head"
        />
        <div
          className="circle   default"
          data-testid="circle-main"
        >
          <p
            className="text text_type_circle text_color_input letter"
            data-testid="circle-text"
          />
        </div>
        <p
          className="text text_type_input text_color_input mt-4 absolute index"
          data-testid="circle-index"
        >
          0
        </p>
        <div
          className="text text_type_input text_color_input mt-4 absolute tail60 element"
          data-testid="circle-tail"
        />
      </div>
      <div
        className="Arrow"
      />
    </div>
    <div
      className="SmallCircleContainer"
    />
  </div>,
]
`;
