// Jest Snapshot v1, https://goo.gl/fbAQLP

exports[`Test Circle component Button rendering 1`] = `
<div
  className="content "
  data-testid="circle"
>
  <div
    className="text text_type_input text_color_input mb-4 absolute head element"
    data-testid="circle-head"
  />
  <div
    className="circle   default"
    data-testid="circle-main"
  >
    <p
      className="text text_type_circle text_color_input letter"
      data-testid="circle-text"
    />
  </div>
  <p
    className="text text_type_input text_color_input mt-4 absolute index"
    data-testid="circle-index"
  />
  <div
    className="text text_type_input text_color_input mt-4 absolute tail30 element"
    data-testid="circle-tail"
  />
</div>
`;
